2026-08-15 20:01:12 LOGIN 10.0.0.15 FAILED
2026-08-15 20:01:18 LOGIN 192.168.1.20 SUCCESS
2026-08-15 20:02:03 LOGIN 10.0.0.15 FAILED
2026-08-15 20:02:44 LOGIN 172.16.0.5 SUCCESS
2026-08-15 20:03:21 LOGIN 10.0.0.15 FAILED
2026-08-15 20:04:10 LOGIN 192.168.1.20 FAILED
2026-08-15 20:04:55 LOGIN 10.0.0.25 FAILED
2026-08-15 20:05:12 LOGIN 192.168.1.20 FAILED
2026-08-15 20:05:49 LOGIN 10.0.0.25 SUCCESS
2026-08-15 20:06:30 LOGIN 10.0.0.15 SUCCESS
2026-08-15 20:07:02 LOGIN 192.168.1.20 FAILED
2026-08-15 20:08:15 LOGIN 10.0.0.25 FAILED
2026-08-15 20:09:44 LOGIN 172.16.0.5 FAILED
